jicheng.xml
黃帝內經素問.xml
重廣補注黃帝內經素問.xml
八十一難經.xml
傷寒雜病論（桂林古本）.xml
傷寒論（宋本）.xml
古本康平傷寒論.xml
金匱玉函經.xml
華佗神方.xml
華氏中藏經.xml
吳普本草.xml
名醫別錄.xml
傷寒雜病論集解.xml
金匱要略方論.xml
玄門脈訣內照圖.xml
針灸甲乙經.xml
針灸甲乙經_1.xml
脈經.xml
脈經_1.xml
肘後備急方.xml
小品方.xml
雷公炮炙論.xml
褚氏遺書.xml
劉涓子鬼遺方.xml
本草經集註.xml
輔行訣臟腑用藥法要.xml
巢氏病源補養宣導法.xml
諸病源候論.xml
諸病源候論_1.xml
素問六氣玄珠密語.xml
黃帝內經太素.xml
備急千金要方.xml
備急千金要方_1.xml
千金食治.xml
大醫精誠_1.xml
少小嬰孺方.xml
攝養枕中方.xml
新修本草.xml
千金翼方.xml
千金翼方_1.xml
銀海精微.xml
食療本草.xml
外臺秘要.xml
外臺秘要_1.xml
仙授理傷續斷秘方.xml
經效產寶.xml
海藥本草.xml
本草和名.xml
顱顖經.xml
黃帝內經素問遺篇_1.xml
醫心方.xml
太平聖惠方.xml
銅人腧穴針灸圖經.xml
博濟方.xml
本草圖經.xml
史載之方.xml
蘇沈良方.xml
太平惠民和劑局方.xml
太平惠民和劑局方_1.xml
傷寒百證歌.xml
傷寒總病論.xml
傷寒總病論_1.xml
壽親養老書.xml
軒轅黃帝治病秘法.xml
養老奉親書.xml
傷寒微旨論.xml
旅舍備要方.xml
腳氣治法總要.xml
證類本草.xml
素問入式運氣論奧.xml
全生指迷方.xml
太醫局諸科程文格.xml
衛濟寶書.xml
針灸神書.xml
聖濟總錄.xml
傷寒直格.xml
素問要旨論.xml
素問要旨論_1.xml
類證活人書.xml
類證活人書_1.xml
小兒藥證直訣.xml
小兒藥證直訣_1.xml
本草衍句.xml
本草衍義.xml
錢氏小兒直訣.xml
千金寶要.xml
河間傷寒心要.xml
灸膏肓腧穴法.xml
傷寒九十論.xml
傷寒發微論.xml
普濟本事方.xml
類證普濟本事方續集.xml
類證普濟本事方釋義.xml
雞峰普濟方.xml
傷寒明理論.xml
傷寒明理論_1.xml
註解傷寒論.xml
扁鵲心書.xml
幼幼新書.xml
子午流注說難.xml
子午流注針經.xml
黃帝素問靈樞集註.xml
傷寒直指.xml
小兒衛生總微論方.xml
紹興本草.xml
洪氏集驗方.xml
集驗方.xml
三因極一病證方論.xml
楊氏家藏方.xml
傳信適用方.xml
仲景傷寒補亡論.xml
衛生家寶產科備要.xml
傷寒標本心法類萃.xml
新刊補註銅人腧穴針灸圖經.xml
珍珠囊藥性賦.xml
葉氏錄驗方.xml
醫學啟源.xml
黃帝素問宣明論方.xml
黃帝素問宣明論方_1.xml
素問玄機原病式.xml
素問病機氣宜保命集.xml
素問病機氣宜保命集_1.xml
脈學類編.xml
脈訣.xml
是齋百一選方.xml
集驗背疽方.xml
養生月覽.xml
海上仙方後集.xml
溫隱居海上仙方.xml
活人事證方後集.xml
女科百問.xml
女科百問_1.xml
針灸資生經.xml
養生類纂.xml
醫說.xml
宋本備急灸法.xml
傷寒心鏡別集.xml
儒門事親.xml
儒門事親_1.xml
內外傷辨惑論.xml
內外傷辨惑論_1.xml
劉河間傷寒醫鑑.xml
傷寒心要_1.xml
陰證略例.xml
婦人大全良方.xml
校註婦人良方.xml
察病指南.xml
三消論.xml
傷寒標本心法類萃_1.xml
傷寒直格_1.xml
素問玄機原病式_1.xml
洗冤集錄.xml
脈訣指掌病式圖說.xml
脾胃論.xml
脾胃論_1.xml
珍珠囊補遺藥性賦.xml
活法機要.xml
嚴氏濟生方.xml
小兒痘疹方論.xml
陳氏小兒痘疹方論.xml
外科精要.xml
仁齋直指方論.xml
傷寒類書活人總括.xml
醫學真經察脈總括.xml
薛氏濟陰萬金書.xml
類編朱氏集驗醫方.xml
東垣試效方.xml
御藥院方.xml
黃帝八十一難經纂圖句解.xml
飲食須知.xml
蘭室秘藏.xml
蘭室秘藏_1.xml
增廣和劑局方藥性總論.xml
嶺南衛生方.xml
醫壘元戎.xml
醫家千字文.xml
三元參贊延壽書.xml
活幼心書.xml
針經指南.xml
湯液本草.xml
秘傳眼科龍木論.xml
壽親養老新書.xml
斑論萃英.xml
此事難知.xml
此事難知_1.xml
醫述.xml
醫學發明.xml
針經節要.xml
瑞竹堂經驗方.xml
傷寒鈐法.xml
扁鵲神應針灸玉龍經.xml
食療方.xml
飲膳正要.xml
活幼口議.xml
外科精義.xml
世醫得效方.xml
十四經發揮.xml
十四經發揮_1.xml
敖氏傷寒金鏡錄.xml
衛生寶鑑.xml
格致餘論.xml
增訂十藥神書.xml
脈訣刊誤.xml
局方發揮.xml
格致餘論_1.xml
平治會萃.xml
金匱鉤玄.xml
金匱鉤玄_1.xml
診家樞要.xml
山居四要.xml
難經本義.xml
難經本義_條列版.xml
心印紺珠經.xml
西方子明堂灸經.xml
醫經溯洄集.xml
養生導引秘籍.xml
原機啟微.xml
外科集驗方.xml
仙傳外科集驗方.xml
醫經秘旨.xml
本草發揮.xml
醫經小學.xml
秘傳外科方.xml
傷寒治例.xml
玉機微義.xml
普濟方．嬰孩門.xml
普濟方．普濟方.xml
普濟方．針灸門.xml
雜病治例.xml
衛生易簡方.xml
醫學碎金.xml
金鏡內臺方議.xml
神應經.xml
奇效良方.xml
滇南本草.xml
新刊勿聽子俗解脈訣.xml
針灸大全.xml
推求師意.xml
秘傳證治要訣及類方.xml
傷寒六書.xml
癰疽神秘驗方.xml
丹溪心法.xml
丹溪心法_1.xml
醫方選要.xml
安老懷幼書.xml
靈樞經脈翼.xml
仁端錄.xml
新編診脈須知.xml
明醫雜著.xml
原幼心法.xml
本草品彙精要.xml
難經集註.xml
嬰童百問.xml
類編傷寒活人書括指掌圖論.xml
保生心鑑.xml
圖註王叔和脈訣.xml
修真秘要.xml
醫學正傳.xml
錦身機要.xml
瀕湖炮炙法.xml
內科摘要.xml
本草詳節.xml
食物本草.xml
證治本草.xml
韓氏醫通.xml
跌損妙方.xml
讀素問鈔.xml
口齒類要.xml
外科心法.xml
外科經驗方.xml
立齋外科發揮.xml
運氣易覽.xml
保嬰粹要.xml
正體類要.xml
針灸節要.xml
針灸聚英.xml
針灸聚英_1.xml
萬氏家抄濟世良方.xml
針灸問對.xml
外科理例.xml
痘治理辨.xml
石山醫案.xml
醫學原理.xml
針灸問對_1.xml
幼科類萃.xml
扶壽精方.xml
丹溪心法附餘.xml
針灸素難要旨.xml
脈理集要.xml
丹溪治法心要.xml
廣嗣要語.xml
外科樞要.xml
續醫說.xml
女科撮要.xml
厚生訓纂.xml
幼科發揮.xml
急救良方.xml
本草約言.xml
解圍元藪.xml
癘瘍機要.xml
醫方集宜.xml
保嬰撮要.xml
保嬰金鏡錄.xml
救荒本草.xml
薛氏醫案.xml
古今醫統大全.xml
明醫指掌.xml
醫經大旨.xml
濟生產寶.xml
訂正太素脈秘訣.xml
醫學權輿.xml
瀕湖脈學.xml
養生類要.xml
本草蒙筌.xml
醫學綱目.xml
傷寒摘錦.xml
醫便.xml
保命歌括.xml
推篷寤語.xml
萬氏女科.xml
孫真人海上方.xml
廣嗣紀要.xml
孫文垣醫案.xml
考證病源.xml
脈症治方.xml
醫旨緒餘.xml
醫學入門.xml
古今醫鑑.xml
經絡全書.xml
養生四要.xml
奇經八脈考.xml
種杏仙方.xml
脈訣考證.xml
藥性歌括_1.xml
本草綱目.xml
本草綱目別名錄.xml
脈語.xml
赤水玄珠.xml
醫方考.xml
仁術便覽.xml
黃帝內經靈樞註證發微.xml
怪證奇方.xml
楊敬齋針灸全書.xml
雲林神彀.xml
傷寒論條辨.xml
傷寒論條辨_1.xml
太素心要.xml
太素脈訣秘書.xml
應急良方.xml
攝生要義.xml
素問心得.xml
醫學要數.xml
靈樞心得.xml
類修要訣.xml
養生導引法.xml
養生食忌.xml
香奩潤色.xml
幼幼集.xml
明目至寶.xml
素問吳註.xml
魯府禁方.xml
攝生集覽.xml
新刻華佗內照圖.xml
藥鑑.xml
鍥王氏秘傳叔和圖注釋義脉訣評林捷徑統宗.xml
鍥王氏秘傳圖註八十一難經評林捷徑統宗.xml
新刊明目良方.xml
明目良方.xml
松崖醫徑.xml
針灸大成.xml
針灸大成_1.xml
肯堂醫論.xml
胎產證治.xml
胤產全書.xml
證治準繩.xml
證治準繩．傷寒.xml
證治準繩．傷寒_1.xml
證治準繩．女科.xml
證治準繩．女科_1.xml
證治準繩．幼科.xml
證治準繩．瘍醫.xml
證治準繩．雜病.xml
證治準繩．類方.xml
醫辨.xml
鬱岡齋醫學筆塵.xml
外科啟玄.xml
小兒推拿方脈活嬰秘旨全書.xml
臨證一得方.xml
臟腑證治圖說人鏡經.xml
藥性能毒.xml
瘴瘧指南.xml
經絡考.xml
食物輯要.xml
壽世保元.xml
萬病回春.xml
奇效醫述.xml
濟世全書.xml
菉竹堂集驗方.xml
外科正宗.xml
外科正宗_1.xml
疹科類編.xml
邯鄲遺稿.xml
產鑑.xml
針方六集.xml
本草彙言.xml
醫方捷徑指南全書.xml
丹溪手鏡.xml
先醒齋醫學廣筆記.xml
嬰童類萃.xml
炮炙大法.xml
雷公炮製藥性解.xml
增訂葉評傷暑全書.xml
醫學研悅.xml
本草正.xml
類經.xml
類經_1.xml
類經卷五六色脈篇_條列版.xml
類經圖翼.xml
神農本草經疏.xml
濟陽綱目.xml
經絡彙編.xml
醫學窮源集.xml
簡明醫彀.xml
痰火點雪.xml
本草單方.xml
醫經會解.xml
虺後方.xml
折肱漫錄.xml
宜麟策.xml
小兒諸證補遺.xml
慎柔五書.xml
丹臺玉案.xml
婦人規.xml
本草通玄.xml
醫宗必讀.xml
景岳全書.xml
祖劑.xml
幼科折衷.xml
幼科醫驗.xml
醫鏡.xml
醫驗大成.xml
內經知要.xml
刪補頤生微論.xml
溫疫論.xml
溫疫論_1.xml
診家正眼.xml
一草亭目科全書.xml
接骨手法.xml
異授眼科.xml
證治心傳.xml
證治心傳_1.xml
上池雜說.xml
五十二病方.xml
保幼新編.xml
儒醫心鏡.xml
凌門傳授銅人指穴.xml
吳又可溫疫論歌括.xml
女科旨要.xml
婦科百辨.xml
審視瑤函.xml
審視瑤函_1.xml
張卿子傷寒論.xml
方症會要.xml
本草集方.xml
溫疫明辨歌訣.xml
濟世神驗良方.xml
王旭高臨證醫案.xml
王氏醫案繹註.xml
理虛元鑑.xml
產育寶慶方.xml
盤珠集胎產症治.xml
眉壽堂方案選存.xml
祕傳大麻瘋方.xml
祝由科.xml
穀類抄.xml
絳雪丹書.xml
裴子言醫.xml
資福等齊天醫十三科治病一宗.xml
軒岐救正論.xml
運氣證治歌訣.xml
郎中醫話.xml
醫論拾遺.xml
銅人針灸經.xml
長沙方歌括.xml
靈樞.xml
香要抄.xml
黃帝內經素問補註釋文.xml
黃帝外經.xml
黃帝明堂灸經.xml
寓意草.xml
本草乘雅半偈.xml
尚論後篇.xml
尚論篇.xml
傷寒括要.xml
醫燈續焰.xml
萬氏秘傳片玉心書.xml
心醫集.xml
痎瘧論疏.xml
秘方集驗.xml
醫門法律.xml
幼科指南.xml
醫宗說約.xml
痘疹生民切要.xml
脈訣彙辨.xml
外科大成.xml
外科大成_1.xml
濟陰綱目.xml
濟陰綱目_1.xml
傷寒兼證析義.xml
傷寒緒論_1.xml
傷寒纘論.xml
傷寒纘論_傷寒緒論.xml
壽世青編.xml
尤氏喉症指南.xml
尤氏喉科秘書.xml
病機沙篆.xml
醫通祖方.xml
傷寒舌鑑.xml
傷寒來蘇集.xml
傷寒論註來蘇集.xml
侶山堂類辯.xml
黃帝內經素問集註.xml
身經通考.xml
金匱要略論註.xml
黃帝內經靈樞集註.xml
黃帝經世素問合編.xml
傅氏雜方.xml
傅氏驗方秘方.xml
傅青主女科.xml
傅青主女科歌括.xml
大小諸證方論.xml
本草徵要.xml
青囊秘訣.xml
傷寒論翼.xml
傷寒附翼.xml
本草崇原.xml
內經博議.xml
內經藥瀹.xml
古今名醫彙粹.xml
古今名醫方論.xml
廣瘟疫論.xml
廣瘟疫論_1.xml
痧脹玉衡.xml
小兒推拿廣意.xml
醫暇卮言.xml
素問經注節解.xml
蒼生司命.xml
本草擇要綱目.xml
溫熱暑疫全書.xml
中寒論辯證廣註.xml
傷寒論辯證廣註.xml
聖濟總錄纂要.xml
醫方集解.xml
醫方集解_條列版.xml
金匱要略廣註.xml
女科經綸.xml
石室秘錄.xml
舊德堂醫案.xml
證治彙補.xml
質疑錄.xml
辨證錄.xml
辨證錄_1.xml
醫貫.xml
金匱玉函經二註.xml
女科經綸_1.xml
本草新編.xml
素問靈樞類纂約註.xml
診宗三昧.xml
幼科推拿秘書.xml
食物本草會纂.xml
湯頭歌訣.xml
客窗偶談.xml
增訂圖註本草備要.xml
女科精要.xml
本草備要.xml
本草備要_條列版.xml
本草易讀.xml
洞天奧旨.xml
幼科鐵鏡.xml
張氏醫通.xml
張氏醫通_1.xml
本經逢原.xml
本經逢原_1.xml
黃帝素問直解.xml
動功按摩秘訣.xml
外經微言.xml
脈訣闡微.xml
脈訣闡微_1.xml
醫學真傳.xml
眼科闡微.xml
醫學傳燈.xml
炮炙全書.xml
慈幼新書.xml
症因脈治.xml
傷寒溯源集.xml
素圃醫案.xml
經驗丹方彙編.xml
幼科證治大全.xml
脈貫.xml
良朋彙集經驗神方.xml
傷寒大白.xml
達生編.xml
內府秘傳經驗女科.xml
諸脈主病詩.xml
靈藥秘方.xml
顧松園醫鏡.xml
奇方類編.xml
金匱要略方論本義.xml
醫權初編.xml
何氏虛勞心傳.xml
孕育玄機.xml
醫學體用.xml
馮氏錦囊秘錄.xml
四診抉微.xml
女科指掌.xml
本草經解.xml
醫宗己任編.xml
陸地仙經.xml
難經經釋.xml
產寶.xml
傷寒貫珠集.xml
傷寒貫珠集_1.xml
產後十八論.xml
醫學讀書記.xml
金匱要略心典.xml
靈驗良方彙編.xml
靜香樓醫案.xml
村居救急方.xml
沈氏醫案.xml
胎產心法.xml
絳雪園古方選註.xml
醫學心悟.xml
醫學心悟雜症要義.xml
外科十法.xml
神農本草經百種錄.xml
醫師秘笈.xml
薛案辨疏.xml
古本難經闡註.xml
難經古義.xml
不居集.xml
外科全生集.xml
目經大成.xml
醫宗金鑑.xml
醫宗金鑑．傷寒心法要訣.xml
醫宗金鑑．刪補名醫方論.xml
醫宗金鑑．刺灸心法要訣.xml
醫宗金鑑．四診心法要訣.xml
醫宗金鑑．外科心法要訣.xml
醫宗金鑑．婦科心法要訣.xml
醫宗金鑑．幼科心法要訣.xml
醫宗金鑑．幼科種痘心法要旨.xml
醫宗金鑑．正骨心法要旨.xml
醫宗金鑑．痘疹心法要訣.xml
醫宗金鑑．眼科心法要訣.xml
醫宗金鑑．訂正仲景全書傷寒論註.xml
醫宗金鑑．訂正仲景全書金匱要略註.xml
醫宗金鑑．運氣要訣.xml
醫宗金鑑．雜病心法要訣.xml
醫宗金鑑_1.xml
醫宗金鑑_2．訂正仲景全書.xml
醫宗金鑑_條列版.xml
醫宗金鑑_條列版．刪補名醫方論.xml
醫宗金鑑_條列版．刺灸心法要訣.xml
醫宗金鑑_條列版．婦科心法要訣.xml
醫宗金鑑_條列版．幼科雜病心法.xml
醫宗金鑑_條列版．正骨心法要旨.xml
醫宗金鑑_條列版．痘疹心法要訣.xml
醫宗金鑑_條列版．眼科心法.xml
醫宗金鑑_條列版．訂正仲景全書傷寒論註.xml
醫宗金鑑_條列版．訂正仲景全書金匱要略註.xml
醫宗金鑑_條列版．雜病心法.xml
醫學要則.xml
吳氏醫方彙編.xml
絳囊撮要.xml
北山醫案.xml
溫熱論.xml
脈確.xml
臨證指南醫案.xml
傷寒懸解.xml
金匱懸解.xml
麻科活人全書.xml
醫學脈燈.xml
幼幼集成.xml
疝氣證治論.xml
醫碥.xml
四聖懸樞.xml
種福堂公選良方.xml
四聖心源.xml
長沙藥解.xml
傷寒說意.xml
玉楸藥解.xml
素靈微蘊.xml
醫經原旨.xml
雜症會心錄.xml
素問懸解.xml
難經懸解.xml
靈樞懸解.xml
喉科指掌.xml
本草從新.xml
醫學源流論.xml
醫學源流論_條列版.xml
松峰說疫.xml
串雅內外編.xml
串雅外編.xml
串雅補.xml
傷寒論類方.xml
傷寒論類方_1.xml
惠直堂經驗方.xml
洄溪醫案.xml
產論.xml
瘍醫大全.xml
得配本草.xml
成方切用.xml
虛損啟微.xml
建殊錄.xml
資生集.xml
辨證奇聞.xml
女科指要.xml
掃葉莊醫案.xml
沈氏女科輯要.xml
濕熱病篇_1.xml
藥性切用.xml
蘭臺軌範.xml
醫經讀.xml
醫貫砭.xml
傷寒論讀.xml
本草綱目拾遺.xml
慎疾芻言.xml
金匱翼.xml
一見能醫.xml
未刻本葉氏醫案.xml
本草求真.xml
本草求真_1.xml
脈理求真.xml
一瓢醫案.xml
幼科驚搐門.xml
方機.xml
濕熱條辨.xml
續名醫類案.xml
壽世傳真.xml
女科秘旨.xml
胎產新書.xml
藥徵.xml
女科切要.xml
女科切要_1.xml
婦科玉尺.xml
沈氏尊生書.xml
脈象統類.xml
要藥分劑.xml
雜病源流犀燭.xml
傷寒論綱目.xml
幼科釋謎.xml
文堂集驗方.xml
產論翼.xml
脈因證治.xml
外科選要.xml
婦科冰鑑.xml
鱠殘篇.xml
古今醫案按.xml
嬰兒論.xml
傷寒之研究.xml
傷寒論綱要.xml
家塾方與方極.xml
醫斷與斥醫斷.xml
名家方選.xml
痘疹心法.xml
傷寒瘟疫條辨.xml
怡堂散記.xml
奇症彙.xml
寧坤秘笈.xml
黴癘新書.xml
保赤新書.xml
傷寒論集成.xml
回生集.xml
羅氏會約醫鏡.xml
長沙證彙.xml
黃澹翁醫案.xml
素問記聞.xml
吳醫彙講.xml
古方分量考.xml
疫疹一得.xml
傷風約言.xml
彤園醫書．外科.xml
彤園醫書．婦人科.xml
彤園醫書．小兒科.xml
產科發蒙.xml
羊毛瘟證論.xml
胎產秘書.xml
醫學三信編.xml
傷寒指掌.xml
藥徵續編.xml
風勞臌膈四大證治.xml
壽世編.xml
松心醫案筆記.xml
神仙濟世良方.xml
吳鞠通醫案.xml
吳鞠通醫案_1.xml
溫病條辨.xml
針灸易學.xml
溫證指歸.xml
也是山人醫案.xml
傷寒用藥研究.xml
叢桂偶記.xml
外感溫病篇_1.xml
溫病辨症.xml
盤珠集胎產症治_1.xml
辨疫瑣言.xml
時方歌括.xml
痘科輯要.xml
青囊瑣探.xml
藤氏醫談.xml
傷寒醫訣串解.xml
時方妙用.xml
生生堂治驗.xml
益世經驗良方.xml
神農本草經讀.xml
經穴彙解.xml
醫醫偶錄.xml
金匱要略淺註.xml
傷寒脈證式.xml
古方彙精.xml
客塵醫話.xml
醫學三字經.xml
金匱啟鑰．婦科.xml
金匱啟鑰．幼科.xml
金匱啟鑰．眼科.xml
急救廣生集.xml
瘍科心得集.xml
程杏軒醫案.xml
傷寒論輯義.xml
素問識.xml
金匱玉函要略輯義.xml
齊氏醫案.xml
中國接骨圖說.xml
傷科彙纂.xml
傷科補要.xml
古今醫徹.xml
重慶堂隨筆.xml
靈樞識.xml
醫學實在易.xml
醫賸.xml
銀海指南.xml
救急選方.xml
神農本草經.xml
神農本草經_1.xml
神農本草經_2.xml
經穴纂要.xml
脈學輯要.xml
醫略抄.xml
醫階辨證.xml
方劑辭典.xml
痘科辨要.xml
金匱方歌括.xml
友漁齋醫話.xml
醫學指要.xml
醫會元要.xml
兒科醒.xml
王九峰醫案（一）.xml
王九峰醫案（二）.xml
調疾飲食辨.xml
古書醫言.xml
履霜集.xml
類聚方.xml
延陵弟子紀要.xml
曹仁伯醫案論.xml
針灸逢源.xml
竹林女科證治.xml
難經疏證.xml
奉時旨要.xml
醫學從眾錄.xml
中風論.xml
溫病之研究.xml
內傷集要.xml
證治針經.xml
傷寒廣要.xml
周慎齋遺書.xml
咽喉脈證通論.xml
生生寶錄.xml
醫門棒喝.xml
靈素節注類編.xml
三指禪.xml
傷寒論述義.xml
原瘄要論.xml
眼科錦囊.xml
產孕集.xml
秘珍濟陰.xml
醫事啟源.xml
醫林改錯.xml
醫林改錯_1.xml
重訂產孕集.xml
三家醫案合刻.xml
中國醫籍考.xml
外科證治全書.xml
奇正方.xml
楊成博先生遺留穴道秘書.xml
瘍科捷徑.xml
跌打損傷方.xml
醫效秘傳.xml
醫醫病書.xml
本經疏證.xml
救生集.xml
本草述鉤元.xml
筆花醫鏡.xml
仿寓意草.xml
濟世珍寶.xml
瘋門全書.xml
葉氏醫案存真.xml
醫學妙諦.xml
喻選古方試驗.xml
經脈圖考.xml
重樓玉鑰.xml
重樓玉鑰續編.xml
願體醫話.xml
醫學傳心錄.xml
類證治裁.xml
類證治裁_1.xml
傷科方書.xml
本草分經.xml
發背對口治訣論.xml
鄒氏寒疫論.xml
醫略十三篇.xml
麻疹闡註.xml
女科要旨.xml
傷寒法祖.xml
金匱玉函要略述義.xml
回春錄.xml
玉台新案_1.xml
王氏醫案.xml
醫學舉要.xml
醫學課兒策.xml
景岳全書發揮.xml
春腳集.xml
素問紹識.xml
驗方新編.xml
修崑崙證驗.xml
喉科心法.xml
幼科切要.xml
知醫必辨.xml
續增大生要旨.xml
傷寒尋源.xml
內經辨言.xml
咽喉秘集.xml
王氏醫案續編.xml
神農本草經贊.xml
花韻樓醫案.xml
藥治通義.xml
醫砭.xml
余無言醫案.xml
傅氏兒科.xml
傅氏外科.xml
傅氏女科.xml
傅氏男科.xml
傅青主女科_條列版.xml
傷寒經解.xml
傷寒解毒療法.xml
傷寒論彙註精華.xml
傷寒論淺註補正_1.xml
兒科要略.xml
全國名醫驗案類編.xml
全體病源類纂.xml
劍慧草堂醫案.xml
千里醫案.xml
增訂通俗傷寒論.xml
壽山筆記.xml
外科學話義.xml
外科證治秘要.xml
大方脈.xml
大醫馬氏小兒脈珍科.xml
女科仙方.xml
女科秘要.xml
婦科問答.xml
婦科秘方.xml
孤鶴醫案.xml
孫氏醫案.xml
家傳女科經驗摘奇.xml
家用良方.xml
幼科彙訣直解.xml
幼科折衷秘傳真本.xml
幼科概論.xml
張氏婦科.xml
徐渡漁先生醫案.xml
徐養恬方案.xml
急救仙方.xml
急救便方.xml
愛月廬醫案.xml
感症寶筏.xml
慈幼便覽.xml
慈濟醫話.xml
慎五堂治驗錄.xml
懶園醫語.xml
救傷秘旨.xml
新刻圖形枕藏外科.xml
新訂痘疹濟世真詮.xml
旌孝堂醫案.xml
易經.xml
景景室醫稿雜存.xml
景景醫話.xml
曹仁伯醫案.xml
曹滄洲醫案.xml
李冠仙醫案.xml
柳寶詒醫論醫案.xml
柳洲醫話.xml
毓麟驗方.xml
毛對山醫話.xml
江氏傷科學.xml
江澤之醫案.xml
汪藝香先生醫案.xml
沈俞醫案合鈔.xml
沈菊人醫案.xml
治瘧機要.xml
洄溪醫案按.xml
湖岳村叟醫案.xml
溫病條辨_1.xml
溫病條辨_條列版.xml
潛齋簡效方.xml
瀕湖脈學脈訣.xml
焦氏喉科枕秘.xml
片玉痘疹.xml
王仲奇醫案.xml
王孟英醫案.xml
王應震要訣.xml
王樂亭指要.xml
琉球問答奇病論.xml
環溪草堂醫案.xml
產寶諸方.xml
留香館醫話.xml
疝症積聚.xml
痘疹精詳.xml
瘍科指南醫案.xml
瘦吟醫贅.xml
瘧利成法.xml
癧科全書.xml
癲狂條辨.xml
白喉捷要合編.xml
眼科秘訣.xml
神灸經綸.xml
神農本草經讀_條列版.xml
福壽丹書.xml
秘傳劉伯溫家藏接骨金瘡禁方.xml
竹亭醫案.xml
竹泉生女科集要.xml
素軒醫語.xml
經歷雜論序.xml
經驗麻科.xml
繆松心醫案.xml
育嬰家秘.xml
臨症經應錄.xml
臨診醫案.xml
萬氏秘傳外科心法.xml
葉天士曹仁伯何元長醫案.xml
葉天士醫案.xml
葉天士醫案精華.xml
葛可久十藥神書歌訣.xml
藥種抄.xml
西池集.xml
言醫選評.xml
評註產科心法.xml
誠求集.xml
谷蓀醫話.xml
貫唯集.xml
費繩甫先生醫案.xml
走馬急疳真方.xml
跌打秘方.xml
辨症玉函.xml
退庵醫案.xml
遯園醫案.xml
邵氏方案.xml
鄒亦仲醫案新編.xml
鄒氏純懿㿖集·瘡瘍.xml
鄭氏家傳女科萬金方.xml
醉花窗醫案.xml
醫學指歸.xml
醫學說約.xml
醫學讀書志.xml
醫家心法.xml
醫易一理.xml
醫法圓通.xml
醫病簡要.xml
醫經國小.xml
醫醫十病.xml
里中醫案.xml
重訂靈蘭要覽.xml
金瘡秘傳禁方.xml
金瘡跌打接骨藥性秘書.xml
金臺醫案.xml
錢氏秘傳產科方書名試驗錄.xml
陳氏幼科秘訣.xml
陳蓮舫醫案.xml
集喉症諸方.xml
靈樞_條列版.xml
青囊全集秘旨.xml
顧氏醫案.xml
馤塘醫話.xml
馬王堆簡帛.xml
高淑濂胎產方案.xml
鬼遺方_1.xml
麻疹專論.xml
黃帝內經素問_條列版.xml
黃帝內經靈樞略.xml
黃氏醫話.xml
溫熱經緯.xml
皇國名醫傳.xml
行軍方便便方.xml
雞鳴錄.xml
古今醫案按選.xml
市隱廬醫學雜著.xml
校訂願體醫話良方.xml
醫方拾錦.xml
隨息居飲食譜.xml
雜病廣要.xml
麻疹備要方論.xml
四科簡效方.xml
王氏醫案三編.xml
醫學輯要.xml
胎產指南.xml
胎產指南_1.xml
痢疾明辨.xml
冷廬醫話.xml
跌打損傷回生集.xml
過庭錄存.xml
選針三要集.xml
醫林瑣語.xml
得心集醫案.xml
歸硯錄.xml
醫原.xml
乘桴醫影.xml
本草害利.xml
竹林寺女科秘方.xml
經驗良方全集.xml
薛氏濕熱論歌訣.xml
醫學芻言.xml
醫餘.xml
隨息居重訂霍亂論.xml
傅青主男科重編考釋.xml
喉舌備要秘旨.xml
校注醫醇賸義.xml
醫中一得.xml
理瀹駢文.xml
理瀹駢文_1.xml
文十六卷.xml
評琴書屋醫略.xml
證治摘要.xml
醫方論.xml
十劑表.xml
溫疫論私評.xml
瀉疫新論.xml
六因條辨.xml
傷寒恆論.xml
傷寒審證表.xml
喉科秘訣.xml
張愛廬臨證經驗方.xml
腳氣鉤要.xml
研經言.xml
經驗選秘.xml
藥症忌宜.xml
高註金匱要略.xml
新刊醫學集成.xml
醫學見能.xml
醫學集成.xml
勉學堂針灸集成.xml
張畹香醫案.xml
考正周身穴法歌.xml
針灸集成.xml
何澹安醫案.xml
望診遵經.xml
外治壽世方.xml
南病別鑑.xml
先哲醫話.xml
奇效簡便良方.xml
腳氣概論.xml
診驗醫方歌括.xml
黃帝內經素問校義.xml
不知醫必要.xml
喉科大成.xml
存存齋醫話稿.xml
增補評注柳選醫案.xml
時病論.xml
時病論_1.xml
柳選四家醫案.xml
白喉全生集.xml
蠢子醫.xml
灸法秘傳.xml
醫方簡義.xml
醫門補要.xml
食鑑本草.xml
不謝方一卷.xml
傷寒論陽明病釋.xml
內經運氣病釋.xml
內經運氣表.xml
內經難字音義.xml
婦科秘書.xml
痢症三字訣.xml
經方例釋.xml
血證論.xml
本草便讀.xml
白喉辨證.xml
三時伏氣外感篇_1.xml
徐批葉天士晚年方案真本.xml
溫熱論箋正.xml
臨證指南醫案_1.xml
醫寄伏陰論.xml
重訂時行伏陰芻言.xml
釐正按摩要術.xml
霍亂燃犀說.xml
一得集.xml
性命要旨.xml
鬻嬰提要說.xml
龍砂八家醫案.xml
喉科集腋.xml
專治麻痧初編.xml
痧疹輯要.xml
祝由科諸符祕.xml
許氏醫案.xml
許氏醫案_1.xml
傷科大成.xml
傷科大成_條列版.xml
脈義簡摩.xml
脈訣乳海.xml
辨脈平脈章句.xml
中西匯通醫經精義.xml
和緩遺風.xml
外科傳薪集.xml
女科折衷纂要.xml
脈簡補義.xml
血證論_1.xml
醫易通說.xml
陳莘田外科方案.xml
青霞醫案.xml
外科方外奇方.xml
本草問答.xml
歐蠱燃犀錄.xml
金匱要略淺註補正.xml
養生秘旨.xml
馬培之醫案.xml
傷寒論淺註補正.xml
形色外診簡摩.xml
外科醫鏡.xml
疑難急症簡方.xml
醫粹精言.xml
難經正義.xml
內經評文.xml
濟生集.xml
醫學答問.xml
增訂醫方歌訣.xml
張聿青醫案.xml
白喉條辨.xml
西溪書屋夜話錄.xml
診餘舉隅錄.xml
退思集類方歌註.xml
醫學摘粹.xml
醫方歌括.xml
醫方證治彙編歌訣.xml
六氣感證要義.xml
治痢捷要新書.xml
經驗奇方.xml
脈度運行考.xml
葉選醫衡.xml
讀醫隨筆.xml
中西匯參銅人圖說.xml
少林真傳傷科秘方.xml
溫熱逢源.xml
溫熱逢源_1.xml
診脈三十二辨.xml
診脈三十二辨_1.xml
達摩洗髓易筋經.xml
邵氏醫案.xml
崇實堂醫案.xml
本草撮要.xml
藥論.xml
醫醫小草.xml
鼠疫約編.xml
對山醫話.xml
暑症發原.xml
醫醫醫.xml
重訂囊秘喉書.xml
溫病指南.xml
外科備要.xml
成方便讀.xml
本草思辨錄.xml
傷寒補例.xml
女丹合編選註.xml
重訂診家直訣.xml
簡明中西匯參醫學圖說.xml
傷寒捷訣.xml
醫驗隨筆.xml
脈經鈔.xml
醫學衷中參西錄.xml
包氏喉證家寶.xml
太醫院秘藏膏丹丸散方劑.xml
通俗內科學.xml
丹溪脈訣指掌.xml
伏邪新書.xml
咳論經旨.xml
喉科金鑰全書.xml
察舌辨症新法.xml
醫方絜度.xml
重訂廣溫熱論.xml
秋瘧指南.xml
叢桂草堂醫案.xml
濕溫時疫治療法.xml
辨舌指南.xml
重訂通俗傷寒論.xml
中風斠詮.xml
瘍科綱要.xml
臨症驗舌法.xml
䱐溪秘傳簡驗方.xml
喉科家訓.xml
存粹醫話.xml
痰癧法門.xml
中西溫熱串解.xml
伏瘟證治實驗談.xml
本草正義.xml
漢藥研究綱要.xml
金氏門診方案.xml
針灸學綱要.xml
沈氏女科輯要箋疏.xml
歷驗再壽編.xml
醫津一筏.xml
針學通論.xml
靖庵說醫.xml
丁甘仁先生家傳珍方.xml
丁甘仁醫案.xml
皇漢醫學.xml
增訂偽藥條辨.xml
推拿抉微.xml
漢藥良劣鑑別法.xml
針灸問答.xml
兒科萃精.xml
犀黃之研究.xml
覺廬醫話錄存.xml
重訂痧疫指迷.xml
金針秘傳.xml
丹方之研究.xml
曹氏傷寒金匱發微合刊.xml
經方實驗錄.xml
治痢南針.xml
失眠症之療法.xml
中國醫學源流論.xml
溫病正宗.xml
痙病與腦膜炎全書.xml
中國兒科醫鑑.xml
中國內科醫鑑.xml
中國藥一百種之化學實驗.xml
中國藥物學大綱.xml
中國醫藥論文集.xml
先哲醫話集.xml
士諤醫話.xml
重訂溫熱經解.xml
邵蘭蓀醫案.xml
鹿茸之研究.xml
本草簡要方.xml
止園醫話.xml
傷寒辨要箋記.xml
凌臨靈方.xml
脈訣新編.xml
外科十三方考.xml
圓運動的古中醫學.xml
舌診問答.xml
程門雪遺稿.xml
民間草藥藥性賦.xml